<wxlog>
  <threadId>#main</threadId>
  <timestamp>20:21:31:1989</timestamp>
  <msgtype>MsgWXLogLaunch</msgtype>
  <content>[The WXLogger is launched!]</content>
  <stackFrames>
[CALL STACK][0]: Method:WXTextureTools.Application.Options.OptionsConfig..ctor; File:.0
[CALL STACK][1]: Method:WXTextureTools.Application.App..ctor; File:.0
[CALL STACK][2]: Method:WXTextureTools.Program.Main; File:.0
</stackFrames>
</wxlog>
<wxlog>
  <threadId>#main</threadId>
  <timestamp>20:21:31:2182</timestamp>
  <msgtype>MsgMixture</msgtype>
  <content>string|String[]
OptionsConfig,-option=fbDecompress
-classDataPath=C:/Users/XieJun/Documents/Project/UnityProject/My project (1)/Assets\WX-WASM-SDK-V2\Editor/TextureEditor/classdata.tpk
-dataDir=C:/Users/XieJun/Documents/Project/UnityProject/My project (1)/TextToolDatas
-sourcePath=C:/Users/XieJun/Documents/Project/UnityProject/My project (1)/TextToolDatas\slim\backup.txt
</content>
  <stackFrames>
[CALL STACK][0]: Method:WXTextureTools.Application.App..ctor; File:.0
[CALL STACK][1]: Method:WXTextureTools.Program.Main; File:.0
</stackFrames>
</wxlog>
<wxlog>
  <threadId>#main</threadId>
  <timestamp>20:21:31:2182</timestamp>
  <msgtype>MsgMixture</msgtype>
  <content>string|string
UnityBridgeHandler - SetDataDir,C:/Users/XieJun/Documents/Project/UnityProject/My project (1)/TextToolDatas\temp</content>
  <stackFrames>
[CALL STACK][0]: Method:WXTextureTools.Program.Main; File:.0
</stackFrames>
</wxlog>
<wxlog>
  <threadId>#main</threadId>
  <timestamp>20:21:31:2404</timestamp>
  <msgtype>MsgMixture</msgtype>
  <content>string|string
BundlePicRecord initFile,C:/Users/XieJun/Documents/Project/UnityProject/My project (1)/TextToolDatas\FIRSTBUNDLETEXTURES.json</content>
  <stackFrames>
[CALL STACK][0]: Method:WXTextureTools.Application.AppCmdExec.WXFirstBundleDecompressExec.todo; File:.0
[CALL STACK][1]: Method:WXTextureTools.Application.App.process; File:.0
[CALL STACK][2]: Method:WXTextureTools.Application.App..ctor; File:.0
</stackFrames>
</wxlog>
<wxlog>
  <threadId>#main</threadId>
  <timestamp>20:21:31:2404</timestamp>
  <msgtype>MsgString</msgtype>
  <content>BundlePicRecord initFile File</content>
  <stackFrames>
[CALL STACK][0]: Method:WXTextureTools.Application.AppCmdExec.WXFirstBundleDecompressExec.todo; File:.0
[CALL STACK][1]: Method:WXTextureTools.Application.App.process; File:.0
[CALL STACK][2]: Method:WXTextureTools.Application.App..ctor; File:.0
</stackFrames>
</wxlog>
<wxlog>
  <threadId>#main</threadId>
  <timestamp>20:21:31:2424</timestamp>
  <msgtype>MsgMixture</msgtype>
  <content>string|string
BundlePicRecord readAllRecord,</content>
  <stackFrames>
[CALL STACK][0]: Method:WXTextureTools.Application.App.process; File:.0
[CALL STACK][1]: Method:WXTextureTools.Application.App..ctor; File:.0
[CALL STACK][2]: Method:WXTextureTools.Program.Main; File:.0
</stackFrames>
</wxlog>
<wxlog>
  <threadId>#main</threadId>
  <timestamp>20:21:32:5933</timestamp>
  <msgtype>MsgMixture</msgtype>
  <content>string|string
BundlePicRecord save,{"timestamp":0,"files":[{"path":"C:/Users/XieJun/Documents/Project/UnityProject/My project (1)/TextToolDatas\\slim\\backup.txt","dstPath":null,"md5":"961afc195a50881c","textures":[{"width":128,"height":128,"name":"Soft.c1d63e75","astc":null,"limittype":null},{"width":128,"height":58,"name":"UnityWatermark-small.d7411008","astc":null,"limittype":"1"},{"width":74,"height":71,"name":"EscToExit_back.21b1540e","astc":null,"limittype":"1"},{"width":267,"height":20,"name":"EscToExit_Text.2e1ee8b4","astc":null,"limittype":"1"},{"width":512,"height":94,"name":"UnityWatermark-trial-big.66f46ac8","astc":null,"limittype":"1"},{"width":76,"height":14,"name":"UnityWatermark-trial.60b4e34e","astc":null,"limittype":"1"},{"width":127,"height":17,"name":"UnityWatermark-beta.dd37c61b","astc":null,"limittype":"1"},{"width":148,"height":17,"name":"UnityWatermark-edu.a8c472ae","astc":null,"limittype":"1"},{"width":115,"height":17,"name":"UnityWatermark-dev.ae1fc174","astc":null,"limittype":"1"},{"width":64,"height":64,"name":"WarningSign.59b8d955","astc":null,"limittype":null},{"width":87,"height":13,"name":"UnityWatermark-proto.5084375a","astc":null,"limittype":"1"},{"width":66,"height":17,"name":"UnityWatermarkPlugin-beta.52403834","astc":null,"limittype":"1"},{"width":12,"height":12,"name":"box.643f5df8","astc":null,"limittype":null},{"width":12,"height":12,"name":"button%20active.c15aedb7","astc":null,"limittype":null},{"width":12,"height":12,"name":"button%20hover.42efb15e","astc":null,"limittype":null},{"width":12,"height":12,"name":"button%20on%20hover.2c40c4b8","astc":null,"limittype":null},{"width":12,"height":12,"name":"button%20on.7ff0e5a1","astc":null,"limittype":null},{"width":12,"height":12,"name":"button.bdec6b82","astc":null,"limittype":null},{"width":12,"height":12,"name":"horizontal%20scrollbar%20thumb.4137b46d","astc":null,"limittype":null},{"width":18,"height":15,"name":"horizontal%20scrollbar.0ac38291","astc":null,"limittype":"1"},{"width":8,"height":7,"name":"horizontalslider.722f02b2","astc":null,"limittype":"1"},{"width":8,"height":12,"name":"slider%20thumb%20active.168a62a9","astc":null,"limittype":null},{"width":8,"height":12,"name":"slider%20thumb.a7acef71","astc":null,"limittype":null},{"width":8,"height":12,"name":"slidert%20humb%20hover.0c248117","astc":null,"limittype":null},{"width":14,"height":14,"name":"toggle%20active.e32a2ca9","astc":null,"limittype":"1"},{"width":14,"height":14,"name":"toggle%20hover.614620f6","astc":null,"limittype":"1"},{"width":14,"height":14,"name":"toggle%20on%20hover.528d6b34","astc":null,"limittype":"1"},{"width":14,"height":14,"name":"toggle%20on.1f99750a","astc":null,"limittype":"1"},{"width":14,"height":14,"name":"toggle%20on%20active.9d52caeb","astc":null,"limittype":"1"},{"width":14,"height":14,"name":"toggle.6eafbcb0","astc":null,"limittype":"1"},{"width":12,"height":12,"name":"vertical%20scrollbar%20thumb.7ba97313","astc":null,"limittype":null},{"width":15,"height":18,"name":"vertical%20scrollbar.d38290f1","astc":null,"limittype":"1"},{"width":7,"height":8,"name":"verticalslider.58266f5f","astc":null,"limittype":"1"},{"width":17,"height":27,"name":"window%20on.38a76040","astc":null,"limittype":"1"},{"width":17,"height":27,"name":"window.a62d1258","astc":null,"limittype":"1"},{"width":12,"height":12,"name":"textfield.a75d69ec","astc":null,"limittype":null},{"width":12,"height":12,"name":"textfield%20on.f2c2fb5c","astc":null,"limittype":null},{"width":12,"height":12,"name":"textfield%20hover.8c7ae9d8","astc":null,"limittype":null},{"width":32,"height":32,"name":"UnitySplash-HolographicTrackingLoss.cbf38e69","astc":null,"limittype":null},{"width":2048,"height":1024,"name":"Splash%20Screen%20Unity%20Logo.05ef6840","astc":null,"limittype":null},{"width":2048,"height":128,"name":"FalloffLookupTexture.88ed1a7a","astc":null,"limittype":null},{"width":64,"height":64,"name":"LDR_LLL1_0.1e9160f6","astc":null,"limittype":null},{"width":4,"height":4,"name":"BayerMatrix.407551c1","astc":null,"limittype":null},{"width":102,"height":105,"name":"icon_lightning.7ddf220c","astc":null,"limittype":"1"},{"width":102,"height":105,"name":"bomb_icon.ccf6f6d9","astc":null,"limittype":"1"},{"width":145,"height":145,"name":"powerUp_Button_bg.bf997dbf","astc":null,"limittype":"1"},{"width":287,"height":263,"name":"powerUp_Button_glow.6f0bb5c4","astc":null,"limittype":"1"},{"width":58,"height":58,"name":"powerUp_Button_number_bg.284658c4","astc":null,"limittype":"1"},{"width":393,"height":87,"name":"toggle_bg.e22a1ec7","astc":null,"limittype":"1"},{"width":300,"height":150,"name":"texture_purple.9c1a1c33","astc":null,"limittype":"1"},{"width":102,"height":105,"name":"icon_potion.c675ad50","astc":null,"limittype":"1"},{"width":391,"height":512,"name":"bg_Grass.4f14e3e2","astc":null,"limittype":"1"},{"width":201,"height":77,"name":"toggle_button.ad1970fd","astc":null,"limittype":"1"},{"width":512,"height":198,"name":"bg_Trees.8ddad595","astc":null,"limittype":"1"},{"width":300,"height":150,"name":"texture_yellow.04a17d26","astc":null,"limittype":"1"},{"width":32,"height":32,"name":"Background.665e03a7","astc":null,"limittype":null},{"width":52,"height":69,"name":"icon_next.75fdcc37","astc":null,"limittype":"1"},{"width":215,"height":205,"name":"star.1647a274","astc":null,"limittype":"1"},{"width":512,"height":162,"name":"header_bg.bb59b2cd","astc":null,"limittype":"1"},{"width":94,"height":84,"name":"icon_sound.1c8f83ff","astc":null,"limittype":"1"},{"width":162,"height":162,"name":"round_button_press.b087e075","astc":null,"limittype":"1"},{"width":54,"height":34,"name":"bar_fill.03196f47","astc":null,"limittype":"1"},{"width":370,"height":132,"name":"button_purple_pressed.f76bfab5","astc":null,"limittype":"1"},{"width":512,"height":410,"name":"box_menu.07b56bb8","astc":null,"limittype":"1"},{"width":82,"height":74,"name":"icon_pause.8d9e9e97","astc":null,"limittype":"1"},{"width":512,"height":507,"name":"bg_Board.b4ab7428","astc":null,"limittype":"1"},{"width":64,"height":67,"name":"icon_replay.eef24a18","astc":null,"limittype":"1"},{"width":512,"height":133,"name":"tittle_box.4065887b","astc":null,"limittype":"1"},{"width":66,"height":54,"name":"bar_border.6e290a22","astc":null,"limittype":"1"},{"width":382,"height":512,"name":"box_win_bg.530c8cc5","astc":null,"limittype":"1"},{"width":229,"height":219,"name":"star_slot.5f8fbff0","astc":null,"limittype":"1"},{"width":64,"height":67,"name":"icon_exit.a8954f61","astc":null,"limittype":"1"},{"width":370,"height":132,"name":"button_yellow_idle.9bee81fa","astc":null,"limittype":"1"},{"width":85,"height":89,"name":"icon_music.f59b3616","astc":null,"limittype":"1"},{"width":154,"height":197,"name":"move_banner.c0d9a248","astc":null,"limittype":"1"},{"width":32,"height":32,"name":"UIMask.09363183","astc":null,"limittype":null},{"width":1,"height":1,"name":"White1px.f8d314fe","astc":null,"limittype":"1"},{"width":11,"height":11,"name":"UIFoldoutClosed.89295238","astc":null,"limittype":"1"},{"width":11,"height":11,"name":"UIFoldoutOpened.84255435","astc":null,"limittype":"1"},{"width":11,"height":11,"name":"UICheckMark.d924f22b","astc":null,"limittype":"1"},{"width":8,"height":8,"name":"UIElement8px.f411169b","astc":null,"limittype":null},{"width":512,"height":512,"name":"EmojiOne.9438d40e","astc":null,"limittype":null},{"width":1024,"height":1024,"name":"LiberationSans%20SDF%20Atlas.ac9f1c83","astc":null,"limittype":null}]}]}</content>
  <stackFrames>
[CALL STACK][0]: Method:WXTextureTools.Application.App.process; File:.0
[CALL STACK][1]: Method:WXTextureTools.Application.App..ctor; File:.0
[CALL STACK][2]: Method:WXTextureTools.Program.Main; File:.0
</stackFrames>
</wxlog>
