Using pre-set license
Built from '2022.3/china_unity/release' branch; Version is '2022.3.62f1c1 (b0109b07edb8) revision 11538587'; Using compiler version '192829333'; Build Type 'Release'
OS: 'Windows 11  (10.0.26200) 64bit Professional' Language: 'zh' Physical Memory: 16236 MB
BatchMode: 1, IsHumanControllingUs: 0, StartBugReporterOnCrash: 0, Is64bit: 1, IsPro: 1

COMMAND LINE ARGUMENTS:
C:\Program Files\Unity\Hub\Editor\2022.3.62f1c1\Editor\Unity.exe
-adb2
-batchMode
-noUpm
-name
AssetImportWorker2
-projectPath
C:/Users/XieJun/Documents/Project/UnityProject/My project (1)
-logFile
Logs/AssetImportWorker2.log
-srvPort
58414
Successfully changed project path to: C:/Users/XieJun/Documents/Project/UnityProject/My project (1)
C:/Users/XieJun/Documents/Project/UnityProject/My project (1)
[UnityMemory] Configuration Parameters - Can be set up in boot.config
    "memorysetup-bucket-allocator-granularity=16"
    "memorysetup-bucket-allocator-bucket-count=8"
    "memorysetup-bucket-allocator-block-size=33554432"
    "memorysetup-bucket-allocator-block-count=8"
    "memorysetup-main-allocator-block-size=16777216"
    "memorysetup-thread-allocator-block-size=16777216"
    "memorysetup-gfx-main-allocator-block-size=16777216"
    "memorysetup-gfx-thread-allocator-block-size=16777216"
    "memorysetup-cache-allocator-block-size=4194304"
    "memorysetup-typetree-allocator-block-size=2097152"
    "memorysetup-profiler-bucket-allocator-granularity=16"
    "memorysetup-profiler-bucket-allocator-bucket-count=8"
    "memorysetup-profiler-bucket-allocator-block-size=33554432"
    "memorysetup-profiler-bucket-allocator-block-count=8"
    "memorysetup-profiler-allocator-block-size=16777216"
    "memorysetup-profiler-editor-allocator-block-size=1048576"
    "memorysetup-temp-allocator-size-main=16777216"
    "memorysetup-job-temp-allocator-block-size=2097152"
    "memorysetup-job-temp-allocator-block-size-background=1048576"
    "memorysetup-job-temp-allocator-reduction-small-platforms=262144"
    "memorysetup-allocator-temp-initial-block-size-main=262144"
    "memorysetup-allocator-temp-initial-block-size-worker=262144"
    "memorysetup-temp-allocator-size-background-worker=32768"
    "memorysetup-temp-allocator-size-job-worker=262144"
    "memorysetup-temp-allocator-size-preload-manager=33554432"
    "memorysetup-temp-allocator-size-nav-mesh-worker=65536"
    "memorysetup-temp-allocator-size-audio-worker=65536"
    "memorysetup-temp-allocator-size-cloud-worker=32768"
    "memorysetup-temp-allocator-size-gi-baking-worker=262144"
    "memorysetup-temp-allocator-size-gfx=262144"
Player connection [3540]  Target information:

Player connection [3540]  * "[IP] 192.168.2.150 [Port] 0 [Flags] 2 [Guid] 736800638 [EditorId] 736800638 [Version] 1048832 [Id] WindowsEditor(7,DESKTOP-PEDIMJP) [Debug] 1 [PackageName] WindowsEditor [ProjectName] Editor" 

Player connection [3540]  * "[IP] 26.50.5.18 [Port] 0 [Flags] 2 [Guid] 736800638 [EditorId] 736800638 [Version] 1048832 [Id] WindowsEditor(7,DESKTOP-PEDIMJP) [Debug] 1 [PackageName] WindowsEditor [ProjectName] Editor" 

Player connection [3540] Host joined multi-casting on [225.0.0.222:54997]...
Player connection [3540] Host joined alternative multi-casting on [225.0.0.222:34997]...
Input System module state changed to: Initialized.
[PhysX] Initialized MultithreadedTaskDispatcher with 16 workers.
Refreshing native plugins compatible for Editor in 130.60 ms, found 14 plugins.
Preloading 0 native plugins for Editor in 0.00 ms.
Initialize engine version: 2022.3.62f1c1 (b0109b07edb8)
[Subsystems] Discovering subsystems at path C:/Program Files/Unity/Hub/Editor/2022.3.62f1c1/Editor/Data/Resources/UnitySubsystems
[Subsystems] Discovering subsystems at path C:/Users/XieJun/Documents/Project/UnityProject/My project (1)/Assets
GfxDevice: creating device client; threaded=0; jobified=0
Direct3D:
    Version:  Direct3D 11.0 [level 11.1]
    Renderer: NVIDIA GeForce RTX 3060 Laptop GPU (ID=0x2560)
    Vendor:   NVIDIA
    VRAM:     5994 MB
    Driver:   32.0.15.9636
Initialize mono
Mono path[0] = 'C:/Program Files/Unity/Hub/Editor/2022.3.62f1c1/Editor/Data/Managed'
Mono path[1] = 'C:/Program Files/Unity/Hub/Editor/2022.3.62f1c1/Editor/Data/MonoBleedingEdge/lib/mono/unityjit-win32'
Mono config path = 'C:/Program Files/Unity/Hub/Editor/2022.3.62f1c1/Editor/Data/MonoBleedingEdge/etc'
Using monoOptions --debugger-agent=transport=dt_socket,embedding=1,server=y,suspend=n,address=127.0.0.1:56096
Begin MonoManager ReloadAssembly
Registering precompiled unity dll's ...
Register platform support module: C:/Program Files/Unity/Hub/Editor/2022.3.62f1c1/Editor/Data/PlaybackEngines/WebGLSupport/UnityEditor.WebGL.Extensions.dll
Register platform support module: C:/Program Files/Unity/Hub/Editor/2022.3.62f1c1/Editor/Data/PlaybackEngines/AndroidPlayer/UnityEditor.Android.Extensions.dll
Register platform support module: C:/Program Files/Unity/Hub/Editor/2022.3.62f1c1/Editor/Data/PlaybackEngines/WindowsStandaloneSupport/UnityEditor.WindowsStandalone.Extensions.dll
Registered in 0.050963 seconds.
- Loaded All Assemblies, in  0.682 seconds
Native extension for WindowsStandalone target not found
Native extension for Android target not found
Android Extension - Scanning For ADB Devices 326 ms
Native extension for WebGL target not found
Mono: successfully reloaded assembly
- Finished resetting the current domain, in  0.671 seconds
Domain Reload Profiling: 1340ms
	BeginReloadAssembly (261ms)
		ExecutionOrderSort (0ms)
		DisableScriptedObjects (0ms)
		BackupInstance (0ms)
		ReleaseScriptingObjects (0ms)
		CreateAndSetChildDomain (1ms)
	RebuildCommonClasses (40ms)
	RebuildNativeTypeToScriptingClass (10ms)
	initialDomainReloadingComplete (137ms)
	LoadAllAssembliesAndSetupDomain (220ms)
		LoadAssemblies (246ms)
		RebuildTransferFunctionScriptingTraits (0ms)
		AnalyzeDomain (214ms)
			TypeCache.Refresh (212ms)
				TypeCache.ScanAssembly (193ms)
			ScanForSourceGeneratedMonoScriptInfo (0ms)
			ResolveRequiredComponents (0ms)
	FinalizeReload (671ms)
		ReleaseScriptCaches (0ms)
		RebuildScriptCaches (0ms)
		SetupLoadedEditorAssemblies (621ms)
			LogAssemblyErrors (0ms)
			InitializePlatformSupportModulesInManaged (438ms)
			SetLoadedEditorAssemblies (4ms)
			RefreshPlugins (0ms)
			BeforeProcessingInitializeOnLoad (2ms)
			ProcessInitializeOnLoadAttributes (127ms)
			ProcessInitializeOnLoadMethodAttributes (49ms)
			AfterProcessingInitializeOnLoad (0ms)
			EditorAssembliesLoaded (0ms)
		ExecutionOrderSort2 (0ms)
		AwakeInstancesAfterBackupRestoration (0ms)
========================================================================
Worker process is ready to serve import requests
Caller must complete domain reload
Begin MonoManager ReloadAssembly
- Loaded All Assemblies, in  1.572 seconds
Native extension for WindowsStandalone target not found
Native extension for Android target not found
Native extension for WebGL target not found
Mono: successfully reloaded assembly
- Finished resetting the current domain, in  1.057 seconds
Domain Reload Profiling: 2586ms
	BeginReloadAssembly (305ms)
		ExecutionOrderSort (0ms)
		DisableScriptedObjects (6ms)
		BackupInstance (0ms)
		ReleaseScriptingObjects (0ms)
		CreateAndSetChildDomain (25ms)
	RebuildCommonClasses (39ms)
	RebuildNativeTypeToScriptingClass (10ms)
	initialDomainReloadingComplete (112ms)
	LoadAllAssembliesAndSetupDomain (1062ms)
		LoadAssemblies (993ms)
		RebuildTransferFunctionScriptingTraits (0ms)
		AnalyzeDomain (285ms)
			TypeCache.Refresh (242ms)
				TypeCache.ScanAssembly (223ms)
			ScanForSourceGeneratedMonoScriptInfo (28ms)
			ResolveRequiredComponents (12ms)
	FinalizeReload (1057ms)
		ReleaseScriptCaches (0ms)
		RebuildScriptCaches (0ms)
		SetupLoadedEditorAssemblies (823ms)
			LogAssemblyErrors (0ms)
			InitializePlatformSupportModulesInManaged (53ms)
			SetLoadedEditorAssemblies (6ms)
			RefreshPlugins (0ms)
			BeforeProcessingInitializeOnLoad (220ms)
			ProcessInitializeOnLoadAttributes (394ms)
			ProcessInitializeOnLoadMethodAttributes (104ms)
			AfterProcessingInitializeOnLoad (44ms)
			EditorAssembliesLoaded (0ms)
		ExecutionOrderSort2 (0ms)
		AwakeInstancesAfterBackupRestoration (11ms)
Launched and connected shader compiler UnityShaderCompiler.exe after 0.07 seconds
Refreshing native plugins compatible for Editor in 115.42 ms, found 14 plugins.
Preloading 0 native plugins for Editor in 0.00 ms.
Unloading 6059 Unused Serialized files (Serialized files now loaded: 0)
Unloading 43 unused Assets / (348.5 KB). Loaded Objects now: 6538.
Memory consumption went from 222.1 MB to 221.8 MB.
Total: 5.239700 ms (FindLiveObjects: 0.541400 ms CreateObjectMapping: 0.421200 ms MarkObjects: 4.066300 ms  DeleteObjects: 0.209500 ms)

AssetImportParameters requested are different than current active one (requested -> active):
  custom:container-demuxer-ogg: 62fdf1f143b41e24485cea50d1cbac27 -> 
  custom:video-codec-MediaFoundation-h265: 746d11721c4dcdbdad8f713fa42b33f4 -> 
  custom:video-decoder-ogg-theora: a1e56fd34408186e4bbccfd4996cb3dc -> 
  custom:framework-win-MediaFoundation: 216162199b28c13a410421893ffa2e32 -> 
  custom:CustomObjectIndexerAttribute: 72b91833f83ae208fae7752999fa3104 -> 
  custom:container-demuxer-webm: 4f35f7cbe854078d1ac9338744f61a02 -> 
  custom:container-muxer-webm: aa71ff27fc2769a1b78a27578f13a17b -> 
  custom:video-decoder-webm-vp8: 9c59270c3fd7afecdb556c50c9e8de78 -> 
  custom:SearchIndexIgnoredProperties: e643bd26f0fe6173181afceb89e7c659 -> 
  custom:AudioImporter_EditorPlatform: d09bf68614088b80899f8185d706f6e7 -> 
  custom:video-encoder-webm-vp8: eb34c28f22e8b96e1ab97ce403110664 -> 
  custom:audio-decoder-ogg-vorbis: bf7c407c2cedff20999df2af8eb42d56 -> 
  custom:audio-encoder-webm-vorbis: bf7c407c2cedff20999df2af8eb42d56 -> 
========================================================================
Received Import Request.
  Time since last request: 6331.572944 seconds.
  path: Assets/SFX/Swipe FX 2-RCM.wav
  artifactKey: Guid(8c01e56d82fdf4eea8da084d33ce36e5) Importer(815301076,1909f56bfc062723c751e8b465ee728b)
Start importing Assets/SFX/Swipe FX 2-RCM.wav using Guid(8c01e56d82fdf4eea8da084d33ce36e5) Importer(815301076,1909f56bfc062723c751e8b465ee728b) [PhysX] Initialized MultithreadedTaskDispatcher with 16 workers.
[PhysX] Initialized MultithreadedTaskDispatcher with 16 workers.
 -> (artifact id: 'c3b1803f712746ef8c8d1662d91d8f79') in 0.117939 seconds
Number of updated asset objects reloaded before import = 0
Number of asset objects unloaded after import = 2
========================================================================
Received Import Request.
  Time since last request: 0.000034 seconds.
  path: Assets/SFX/Pop FX 1-RCM.wav
  artifactKey: Guid(2ff386b142de04c32bd0a75be9b90fdb) Importer(815301076,1909f56bfc062723c751e8b465ee728b)
Start importing Assets/SFX/Pop FX 1-RCM.wav using Guid(2ff386b142de04c32bd0a75be9b90fdb) Importer(815301076,1909f56bfc062723c751e8b465ee728b) [PhysX] Initialized MultithreadedTaskDispatcher with 16 workers.
[PhysX] Initialized MultithreadedTaskDispatcher with 16 workers.
 -> (artifact id: '8a3f419e7c639d287898d3ac4b6e0417') in 0.013970 seconds
Number of updated asset objects reloaded before import = 0
Number of asset objects unloaded after import = 2
========================================================================
Received Import Request.
  Time since last request: 0.000029 seconds.
  path: Assets/Simasart/Hungry Bat/Fonts/TMP/gomarice_rocks_white_outline.asset
  artifactKey: Guid(3b2cebfebb7ab97499912765e39bec74) Importer(815301076,1909f56bfc062723c751e8b465ee728b)
Start importing Assets/Simasart/Hungry Bat/Fonts/TMP/gomarice_rocks_white_outline.asset using Guid(3b2cebfebb7ab97499912765e39bec74) Importer(815301076,1909f56bfc062723c751e8b465ee728b) [PhysX] Initialized MultithreadedTaskDispatcher with 16 workers.
[PhysX] Initialized MultithreadedTaskDispatcher with 16 workers.
[PhysX] Initialized MultithreadedTaskDispatcher with 16 workers.
 -> (artifact id: '02df531fe6e6a8936f3536bc53c8d58c') in 0.282485 seconds
Number of updated asset objects reloaded before import = 0
Number of asset objects unloaded after import = 24
========================================================================
Received Import Request.
  Time since last request: 0.000042 seconds.
  path: Assets/Simasart/Hungry Bat/Fonts/TMP/gomarice_rocks.asset
  artifactKey: Guid(70a6d98c6ce034e43b79bfaa3805fb06) Importer(815301076,1909f56bfc062723c751e8b465ee728b)
Start importing Assets/Simasart/Hungry Bat/Fonts/TMP/gomarice_rocks.asset using Guid(70a6d98c6ce034e43b79bfaa3805fb06) Importer(815301076,1909f56bfc062723c751e8b465ee728b) [PhysX] Initialized MultithreadedTaskDispatcher with 16 workers.
[PhysX] Initialized MultithreadedTaskDispatcher with 16 workers.
[PhysX] Initialized MultithreadedTaskDispatcher with 16 workers.
 -> (artifact id: '6c3bbca8636e30a6b1c9eb7b88122ff8') in 0.040319 seconds
Number of updated asset objects reloaded before import = 0
Number of asset objects unloaded after import = 5
========================================================================
Received Import Request.
  Time since last request: 0.000044 seconds.
  path: Assets/SFX/High Percussion FX-RCM.wav
  artifactKey: Guid(316f765076c8c40fcbecd65197b7269e) Importer(815301076,1909f56bfc062723c751e8b465ee728b)
Start importing Assets/SFX/High Percussion FX-RCM.wav using Guid(316f765076c8c40fcbecd65197b7269e) Importer(815301076,1909f56bfc062723c751e8b465ee728b) [PhysX] Initialized MultithreadedTaskDispatcher with 16 workers.
[PhysX] Initialized MultithreadedTaskDispatcher with 16 workers.
 -> (artifact id: '065cdb3f63d6290561e9fad8ae08d8e5') in 0.017476 seconds
Number of updated asset objects reloaded before import = 0
Number of asset objects unloaded after import = 2
========================================================================
Received Import Request.
  Time since last request: 0.000060 seconds.
  path: Assets/Simasart/Hungry Bat/Fonts/TMP/gomarice_rocks_purple.asset
  artifactKey: Guid(914bdd14ee6179647977adb5ac747cf3) Importer(815301076,1909f56bfc062723c751e8b465ee728b)
Start importing Assets/Simasart/Hungry Bat/Fonts/TMP/gomarice_rocks_purple.asset using Guid(914bdd14ee6179647977adb5ac747cf3) Importer(815301076,1909f56bfc062723c751e8b465ee728b) [PhysX] Initialized MultithreadedTaskDispatcher with 16 workers.
[PhysX] Initialized MultithreadedTaskDispatcher with 16 workers.
[PhysX] Initialized MultithreadedTaskDispatcher with 16 workers.
 -> (artifact id: 'd9ee9f942049822e46294819da08c4cd') in 0.036582 seconds
Number of updated asset objects reloaded before import = 0
Number of asset objects unloaded after import = 6
========================================================================
Received Prepare
Caller must complete domain reload
Begin MonoManager ReloadAssembly
- Loaded All Assemblies, in  3.416 seconds
Native extension for WindowsStandalone target not found
Native extension for Android target not found
Native extension for WebGL target not found
Mono: successfully reloaded assembly
- Finished resetting the current domain, in  0.891 seconds
Domain Reload Profiling: 4276ms
	BeginReloadAssembly (2511ms)
		ExecutionOrderSort (0ms)
		DisableScriptedObjects (2160ms)
		BackupInstance (0ms)
		ReleaseScriptingObjects (0ms)
		CreateAndSetChildDomain (64ms)
	RebuildCommonClasses (41ms)
	RebuildNativeTypeToScriptingClass (10ms)
	initialDomainReloadingComplete (100ms)
	LoadAllAssembliesAndSetupDomain (723ms)
		LoadAssemblies (920ms)
		RebuildTransferFunctionScriptingTraits (0ms)
		AnalyzeDomain (20ms)
			TypeCache.Refresh (6ms)
				TypeCache.ScanAssembly (0ms)
			ScanForSourceGeneratedMonoScriptInfo (0ms)
			ResolveRequiredComponents (13ms)
	FinalizeReload (891ms)
		ReleaseScriptCaches (0ms)
		RebuildScriptCaches (0ms)
		SetupLoadedEditorAssemblies (650ms)
			LogAssemblyErrors (0ms)
			InitializePlatformSupportModulesInManaged (38ms)
			SetLoadedEditorAssemblies (3ms)
			RefreshPlugins (0ms)
			BeforeProcessingInitializeOnLoad (178ms)
			ProcessInitializeOnLoadAttributes (305ms)
			ProcessInitializeOnLoadMethodAttributes (84ms)
			AfterProcessingInitializeOnLoad (41ms)
			EditorAssembliesLoaded (0ms)
		ExecutionOrderSort2 (0ms)
		AwakeInstancesAfterBackupRestoration (23ms)
Refreshing native plugins compatible for Editor in 64.07 ms, found 14 plugins.
Preloading 0 native plugins for Editor in 0.00 ms.
Unloading 5938 Unused Serialized files (Serialized files now loaded: 0)
Unloading 30 unused Assets / (319.1 KB). Loaded Objects now: 6628.
Memory consumption went from 201.8 MB to 201.5 MB.
Total: 4.097000 ms (FindLiveObjects: 0.454700 ms CreateObjectMapping: 0.412800 ms MarkObjects: 3.107100 ms  DeleteObjects: 0.121200 ms)

Prepare: number of updated asset objects reloaded= 0
AssetImportParameters requested are different than current active one (requested -> active):
  custom:container-demuxer-ogg: 62fdf1f143b41e24485cea50d1cbac27 -> 
  custom:video-codec-MediaFoundation-h265: 746d11721c4dcdbdad8f713fa42b33f4 -> 
  custom:video-decoder-ogg-theora: a1e56fd34408186e4bbccfd4996cb3dc -> 
  custom:framework-win-MediaFoundation: 216162199b28c13a410421893ffa2e32 -> 
  custom:CustomObjectIndexerAttribute: 72b91833f83ae208fae7752999fa3104 -> 
  custom:container-demuxer-webm: 4f35f7cbe854078d1ac9338744f61a02 -> 
  custom:container-muxer-webm: aa71ff27fc2769a1b78a27578f13a17b -> 
  custom:video-decoder-webm-vp8: 9c59270c3fd7afecdb556c50c9e8de78 -> 
  custom:SearchIndexIgnoredProperties: e643bd26f0fe6173181afceb89e7c659 -> 
  custom:AudioImporter_EditorPlatform: d09bf68614088b80899f8185d706f6e7 -> 
  custom:video-encoder-webm-vp8: eb34c28f22e8b96e1ab97ce403110664 -> 
  custom:audio-decoder-ogg-vorbis: bf7c407c2cedff20999df2af8eb42d56 -> 
  custom:audio-encoder-webm-vorbis: bf7c407c2cedff20999df2af8eb42d56 -> 
========================================================================
Received Prepare
Refreshing native plugins compatible for Editor in 73.75 ms, found 14 plugins.
Preloading 0 native plugins for Editor in 0.00 ms.
Unloading 2 Unused Serialized files (Serialized files now loaded: 0)
Unloading 2 unused Assets / (5.5 KB). Loaded Objects now: 6628.
Memory consumption went from 107.8 MB to 107.8 MB.
Total: 4.831200 ms (FindLiveObjects: 0.460300 ms CreateObjectMapping: 0.486500 ms MarkObjects: 3.844000 ms  DeleteObjects: 0.039300 ms)

Prepare: number of updated asset objects reloaded= 76
AssetImportParameters requested are different than current active one (requested -> active):
  custom:container-demuxer-ogg: 62fdf1f143b41e24485cea50d1cbac27 -> 
  custom:video-codec-MediaFoundation-h265: 746d11721c4dcdbdad8f713fa42b33f4 -> 
  custom:video-decoder-ogg-theora: a1e56fd34408186e4bbccfd4996cb3dc -> 
  custom:framework-win-MediaFoundation: 216162199b28c13a410421893ffa2e32 -> 
  custom:CustomObjectIndexerAttribute: 72b91833f83ae208fae7752999fa3104 -> 
  custom:container-demuxer-webm: 4f35f7cbe854078d1ac9338744f61a02 -> 
  custom:container-muxer-webm: aa71ff27fc2769a1b78a27578f13a17b -> 
  custom:video-decoder-webm-vp8: 9c59270c3fd7afecdb556c50c9e8de78 -> 
  custom:SearchIndexIgnoredProperties: e643bd26f0fe6173181afceb89e7c659 -> 
  custom:AudioImporter_EditorPlatform: d09bf68614088b80899f8185d706f6e7 -> 
  custom:video-encoder-webm-vp8: eb34c28f22e8b96e1ab97ce403110664 -> 
  custom:audio-decoder-ogg-vorbis: bf7c407c2cedff20999df2af8eb42d56 -> 
  custom:audio-encoder-webm-vorbis: bf7c407c2cedff20999df2af8eb42d56 -> 
========================================================================
Received Prepare
Refreshing native plugins compatible for Editor in 64.12 ms, found 14 plugins.
Preloading 0 native plugins for Editor in 0.00 ms.
Unloading 2 Unused Serialized files (Serialized files now loaded: 0)
Unloading 2 unused Assets / (5.5 KB). Loaded Objects now: 6628.
Memory consumption went from 107.1 MB to 107.1 MB.
Total: 4.183700 ms (FindLiveObjects: 0.429200 ms CreateObjectMapping: 0.375900 ms MarkObjects: 3.338200 ms  DeleteObjects: 0.039500 ms)

Prepare: number of updated asset objects reloaded= 0
AssetImportParameters requested are different than current active one (requested -> active):
  custom:container-demuxer-ogg: 62fdf1f143b41e24485cea50d1cbac27 -> 
  custom:video-codec-MediaFoundation-h265: 746d11721c4dcdbdad8f713fa42b33f4 -> 
  custom:video-decoder-ogg-theora: a1e56fd34408186e4bbccfd4996cb3dc -> 
  custom:framework-win-MediaFoundation: 216162199b28c13a410421893ffa2e32 -> 
  custom:CustomObjectIndexerAttribute: 72b91833f83ae208fae7752999fa3104 -> 
  custom:container-demuxer-webm: 4f35f7cbe854078d1ac9338744f61a02 -> 
  custom:container-muxer-webm: aa71ff27fc2769a1b78a27578f13a17b -> 
  custom:video-decoder-webm-vp8: 9c59270c3fd7afecdb556c50c9e8de78 -> 
  custom:SearchIndexIgnoredProperties: e643bd26f0fe6173181afceb89e7c659 -> 
  custom:AudioImporter_EditorPlatform: d09bf68614088b80899f8185d706f6e7 -> 
  custom:video-encoder-webm-vp8: eb34c28f22e8b96e1ab97ce403110664 -> 
  custom:audio-decoder-ogg-vorbis: bf7c407c2cedff20999df2af8eb42d56 -> 
  custom:audio-encoder-webm-vorbis: bf7c407c2cedff20999df2af8eb42d56 -> 
========================================================================
Received Prepare
Caller must complete domain reload
Begin MonoManager ReloadAssembly
- Loaded All Assemblies, in  1.785 seconds
Native extension for WindowsStandalone target not found
Native extension for Android target not found
Native extension for WebGL target not found
Mono: successfully reloaded assembly
- Finished resetting the current domain, in  3.299 seconds
Domain Reload Profiling: 5047ms
	BeginReloadAssembly (354ms)
		ExecutionOrderSort (0ms)
		DisableScriptedObjects (15ms)
		BackupInstance (0ms)
		ReleaseScriptingObjects (0ms)
		CreateAndSetChildDomain (53ms)
	RebuildCommonClasses (51ms)
	RebuildNativeTypeToScriptingClass (15ms)
	initialDomainReloadingComplete (121ms)
	LoadAllAssembliesAndSetupDomain (1207ms)
		LoadAssemblies (1154ms)
		RebuildTransferFunctionScriptingTraits (0ms)
		AnalyzeDomain (269ms)
			TypeCache.Refresh (210ms)
				TypeCache.ScanAssembly (194ms)
			ScanForSourceGeneratedMonoScriptInfo (41ms)
			ResolveRequiredComponents (16ms)
	FinalizeReload (3299ms)
		ReleaseScriptCaches (0ms)
		RebuildScriptCaches (0ms)
		SetupLoadedEditorAssemblies (790ms)
			LogAssemblyErrors (0ms)
			InitializePlatformSupportModulesInManaged (49ms)
			SetLoadedEditorAssemblies (7ms)
			RefreshPlugins (0ms)
			BeforeProcessingInitializeOnLoad (196ms)
			ProcessInitializeOnLoadAttributes (392ms)
			ProcessInitializeOnLoadMethodAttributes (115ms)
			AfterProcessingInitializeOnLoad (32ms)
			EditorAssembliesLoaded (0ms)
		ExecutionOrderSort2 (0ms)
		AwakeInstancesAfterBackupRestoration (29ms)
Refreshing native plugins compatible for Editor in 80.07 ms, found 14 plugins.
Preloading 0 native plugins for Editor in 0.00 ms.
Unloading 5938 Unused Serialized files (Serialized files now loaded: 0)
Unloading 30 unused Assets / (33.9 KB). Loaded Objects now: 6634.
Memory consumption went from 199.7 MB to 199.6 MB.
Total: 4.343900 ms (FindLiveObjects: 0.591300 ms CreateObjectMapping: 0.375100 ms MarkObjects: 3.285800 ms  DeleteObjects: 0.090200 ms)

Prepare: number of updated asset objects reloaded= 0
AssetImportParameters requested are different than current active one (requested -> active):
  custom:container-demuxer-ogg: 62fdf1f143b41e24485cea50d1cbac27 -> 
  custom:video-codec-MediaFoundation-h265: 746d11721c4dcdbdad8f713fa42b33f4 -> 
  custom:video-decoder-ogg-theora: a1e56fd34408186e4bbccfd4996cb3dc -> 
  custom:framework-win-MediaFoundation: 216162199b28c13a410421893ffa2e32 -> 
  custom:CustomObjectIndexerAttribute: 72b91833f83ae208fae7752999fa3104 -> 
  custom:container-demuxer-webm: 4f35f7cbe854078d1ac9338744f61a02 -> 
  custom:container-muxer-webm: aa71ff27fc2769a1b78a27578f13a17b -> 
  custom:video-decoder-webm-vp8: 9c59270c3fd7afecdb556c50c9e8de78 -> 
  custom:SearchIndexIgnoredProperties: e643bd26f0fe6173181afceb89e7c659 -> 
  custom:AudioImporter_EditorPlatform: d09bf68614088b80899f8185d706f6e7 -> 
  custom:video-encoder-webm-vp8: eb34c28f22e8b96e1ab97ce403110664 -> 
  custom:audio-decoder-ogg-vorbis: bf7c407c2cedff20999df2af8eb42d56 -> 
  custom:audio-encoder-webm-vorbis: bf7c407c2cedff20999df2af8eb42d56 -> 
========================================================================
Received Prepare
Refreshing native plugins compatible for Editor in 74.61 ms, found 14 plugins.
Preloading 0 native plugins for Editor in 0.00 ms.
Unloading 2 Unused Serialized files (Serialized files now loaded: 0)
Unloading 2 unused Assets / (5.5 KB). Loaded Objects now: 6634.
Memory consumption went from 107.7 MB to 107.6 MB.
Total: 5.352400 ms (FindLiveObjects: 0.728800 ms CreateObjectMapping: 0.476500 ms MarkObjects: 4.109000 ms  DeleteObjects: 0.037100 ms)

Prepare: number of updated asset objects reloaded= 0
AssetImportParameters requested are different than current active one (requested -> active):
  custom:container-demuxer-ogg: 62fdf1f143b41e24485cea50d1cbac27 -> 
  custom:video-codec-MediaFoundation-h265: 746d11721c4dcdbdad8f713fa42b33f4 -> 
  custom:video-decoder-ogg-theora: a1e56fd34408186e4bbccfd4996cb3dc -> 
  custom:framework-win-MediaFoundation: 216162199b28c13a410421893ffa2e32 -> 
  custom:CustomObjectIndexerAttribute: 72b91833f83ae208fae7752999fa3104 -> 
  custom:container-demuxer-webm: 4f35f7cbe854078d1ac9338744f61a02 -> 
  custom:container-muxer-webm: aa71ff27fc2769a1b78a27578f13a17b -> 
  custom:video-decoder-webm-vp8: 9c59270c3fd7afecdb556c50c9e8de78 -> 
  custom:SearchIndexIgnoredProperties: e643bd26f0fe6173181afceb89e7c659 -> 
  custom:AudioImporter_EditorPlatform: d09bf68614088b80899f8185d706f6e7 -> 
  custom:video-encoder-webm-vp8: eb34c28f22e8b96e1ab97ce403110664 -> 
  custom:audio-decoder-ogg-vorbis: bf7c407c2cedff20999df2af8eb42d56 -> 
  custom:audio-encoder-webm-vorbis: bf7c407c2cedff20999df2af8eb42d56 -> 
========================================================================
Received Import Request.
  Time since last request: 328.966819 seconds.
  path: Assets/Settings/Lit2DSceneTemplate.scenetemplate
  artifactKey: Guid(d03ed43fc9d8a4f2e9fa70c1c7916eb9) Importer(815301076,1909f56bfc062723c751e8b465ee728b)
Start importing Assets/Settings/Lit2DSceneTemplate.scenetemplate using Guid(d03ed43fc9d8a4f2e9fa70c1c7916eb9) Importer(815301076,1909f56bfc062723c751e8b465ee728b) [PhysX] Initialized MultithreadedTaskDispatcher with 16 workers.
[PhysX] Initialized MultithreadedTaskDispatcher with 16 workers.
 -> (artifact id: '36fc3578abc271ea4859ba6afeac5b89') in 0.114287 seconds
Number of updated asset objects reloaded before import = 0
Number of asset objects unloaded after import = 5
========================================================================
Received Import Request.
  Time since last request: 0.886983 seconds.
  path: Assets/SFX/Bubble Flam FX 1-RCM.wav
  artifactKey: Guid(d15604d1fbb2e4a70b8b2f44bc5134f6) Importer(815301076,1909f56bfc062723c751e8b465ee728b)
Start importing Assets/SFX/Bubble Flam FX 1-RCM.wav using Guid(d15604d1fbb2e4a70b8b2f44bc5134f6) Importer(815301076,1909f56bfc062723c751e8b465ee728b) [PhysX] Initialized MultithreadedTaskDispatcher with 16 workers.
[PhysX] Initialized MultithreadedTaskDispatcher with 16 workers.
 -> (artifact id: 'a5ca5c640be28b37111105501eb3222e') in 0.019984 seconds
Number of updated asset objects reloaded before import = 0
Number of asset objects unloaded after import = 2
========================================================================
Received Import Request.
  Time since last request: 0.823811 seconds.
  path: Assets/SFX/Power Up FX 1-RCM.wav
  artifactKey: Guid(d10c3bc60473944ddbb571dbf5d0d4d0) Importer(815301076,1909f56bfc062723c751e8b465ee728b)
Start importing Assets/SFX/Power Up FX 1-RCM.wav using Guid(d10c3bc60473944ddbb571dbf5d0d4d0) Importer(815301076,1909f56bfc062723c751e8b465ee728b) [PhysX] Initialized MultithreadedTaskDispatcher with 16 workers.
[PhysX] Initialized MultithreadedTaskDispatcher with 16 workers.
 -> (artifact id: '9444a526563c21d99551e0ddc0e9829d') in 0.012488 seconds
Number of updated asset objects reloaded before import = 0
Number of asset objects unloaded after import = 2
========================================================================
Received Import Request.
  Time since last request: 34.086453 seconds.
  path: Assets/SFX/Power Up FX 1-RCM.wav
  artifactKey: Guid(d10c3bc60473944ddbb571dbf5d0d4d0) Importer(815301076,1909f56bfc062723c751e8b465ee728b)
Start importing Assets/SFX/Power Up FX 1-RCM.wav using Guid(d10c3bc60473944ddbb571dbf5d0d4d0) Importer(815301076,1909f56bfc062723c751e8b465ee728b) [PhysX] Initialized MultithreadedTaskDispatcher with 16 workers.
[PhysX] Initialized MultithreadedTaskDispatcher with 16 workers.
 -> (artifact id: 'adb7ad2314d5d26e8b2ca31de6724ae8') in 0.007098 seconds
Number of updated asset objects reloaded before import = 0
Number of asset objects unloaded after import = 2
========================================================================
Received Import Request.
  Time since last request: 0.020570 seconds.
  path: Assets/SFX/Bubble Flam FX 1-RCM.wav
  artifactKey: Guid(d15604d1fbb2e4a70b8b2f44bc5134f6) Importer(815301076,1909f56bfc062723c751e8b465ee728b)
Start importing Assets/SFX/Bubble Flam FX 1-RCM.wav using Guid(d15604d1fbb2e4a70b8b2f44bc5134f6) Importer(815301076,1909f56bfc062723c751e8b465ee728b) [PhysX] Initialized MultithreadedTaskDispatcher with 16 workers.
[PhysX] Initialized MultithreadedTaskDispatcher with 16 workers.
 -> (artifact id: 'ac36ffda7fd29840b5743d8b03b5af07') in 0.008863 seconds
Number of updated asset objects reloaded before import = 0
Number of asset objects unloaded after import = 2
========================================================================
Received Import Request.
  Time since last request: 0.007693 seconds.
  path: Assets/SFX/Fail FX 2-RCM.wav
  artifactKey: Guid(a1eb3a9bc735e40229ae1c560a877e9d) Importer(815301076,1909f56bfc062723c751e8b465ee728b)
Start importing Assets/SFX/Fail FX 2-RCM.wav using Guid(a1eb3a9bc735e40229ae1c560a877e9d) Importer(815301076,1909f56bfc062723c751e8b465ee728b) [PhysX] Initialized MultithreadedTaskDispatcher with 16 workers.
[PhysX] Initialized MultithreadedTaskDispatcher with 16 workers.
 -> (artifact id: 'f9edaee951735d45065717c2a6cc787b') in 0.015737 seconds
Number of updated asset objects reloaded before import = 0
Number of asset objects unloaded after import = 2
========================================================================
Received Import Request.
  Time since last request: 0.000046 seconds.
  path: Assets/SFX/Swipe FX 2-RCM.wav
  artifactKey: Guid(8c01e56d82fdf4eea8da084d33ce36e5) Importer(815301076,1909f56bfc062723c751e8b465ee728b)
Start importing Assets/SFX/Swipe FX 2-RCM.wav using Guid(8c01e56d82fdf4eea8da084d33ce36e5) Importer(815301076,1909f56bfc062723c751e8b465ee728b) [PhysX] Initialized MultithreadedTaskDispatcher with 16 workers.
[PhysX] Initialized MultithreadedTaskDispatcher with 16 workers.
 -> (artifact id: '53bf5175d93ef842465ade9a08032742') in 0.015465 seconds
Number of updated asset objects reloaded before import = 0
Number of asset objects unloaded after import = 2
========================================================================
Received Import Request.
  Time since last request: 0.000057 seconds.
  path: Assets/SFX/Pop FX 4-RCM.wav
  artifactKey: Guid(712fd481eaa1f44bdb4ea448126a0859) Importer(815301076,1909f56bfc062723c751e8b465ee728b)
Start importing Assets/SFX/Pop FX 4-RCM.wav using Guid(712fd481eaa1f44bdb4ea448126a0859) Importer(815301076,1909f56bfc062723c751e8b465ee728b) [PhysX] Initialized MultithreadedTaskDispatcher with 16 workers.
[PhysX] Initialized MultithreadedTaskDispatcher with 16 workers.
 -> (artifact id: '266269a32b52b0752726639abf2895d3') in 0.019128 seconds
Number of updated asset objects reloaded before import = 0
Number of asset objects unloaded after import = 2
========================================================================
Received Import Request.
  Time since last request: 0.000033 seconds.
  path: Assets/SFX/Pop FX 1-RCM.wav
  artifactKey: Guid(2ff386b142de04c32bd0a75be9b90fdb) Importer(815301076,1909f56bfc062723c751e8b465ee728b)
Start importing Assets/SFX/Pop FX 1-RCM.wav using Guid(2ff386b142de04c32bd0a75be9b90fdb) Importer(815301076,1909f56bfc062723c751e8b465ee728b) [PhysX] Initialized MultithreadedTaskDispatcher with 16 workers.
[PhysX] Initialized MultithreadedTaskDispatcher with 16 workers.
 -> (artifact id: '3e2b09568c2db9b9f33cd55c938466d6') in 0.015226 seconds
Number of updated asset objects reloaded before import = 0
Number of asset objects unloaded after import = 2
========================================================================
Received Import Request.
  Time since last request: 0.000032 seconds.
  path: Assets/SFX/Lily-Paddling Down the Stream.wav
  artifactKey: Guid(279dc0121c1f9064ab11542e6eab0671) Importer(815301076,1909f56bfc062723c751e8b465ee728b)
Start importing Assets/SFX/Lily-Paddling Down the Stream.wav using Guid(279dc0121c1f9064ab11542e6eab0671) Importer(815301076,1909f56bfc062723c751e8b465ee728b) [PhysX] Initialized MultithreadedTaskDispatcher with 16 workers.
[PhysX] Initialized MultithreadedTaskDispatcher with 16 workers.
 -> (artifact id: 'eb156fe774c20bdffbf463d2f45a76fd') in 0.014484 seconds
Number of updated asset objects reloaded before import = 0
Number of asset objects unloaded after import = 2
========================================================================
Received Import Request.
  Time since last request: 0.000030 seconds.
  path: Assets/SFX/High Percussion FX-RCM.wav
  artifactKey: Guid(316f765076c8c40fcbecd65197b7269e) Importer(815301076,1909f56bfc062723c751e8b465ee728b)
Start importing Assets/SFX/High Percussion FX-RCM.wav using Guid(316f765076c8c40fcbecd65197b7269e) Importer(815301076,1909f56bfc062723c751e8b465ee728b) [PhysX] Initialized MultithreadedTaskDispatcher with 16 workers.
[PhysX] Initialized MultithreadedTaskDispatcher with 16 workers.
 -> (artifact id: '880ca71a8fff2250eee24094c161a728') in 0.016718 seconds
Number of updated asset objects reloaded before import = 0
Number of asset objects unloaded after import = 2
========================================================================
Received Prepare
Caller must complete domain reload
Begin MonoManager ReloadAssembly
- Loaded All Assemblies, in  1.176 seconds
Native extension for WindowsStandalone target not found
Native extension for Android target not found
Native extension for WebGL target not found
Mono: successfully reloaded assembly
- Finished resetting the current domain, in  3.419 seconds
Domain Reload Profiling: 4565ms
	BeginReloadAssembly (278ms)
		ExecutionOrderSort (0ms)
		DisableScriptedObjects (11ms)
		BackupInstance (0ms)
		ReleaseScriptingObjects (0ms)
		CreateAndSetChildDomain (44ms)
	RebuildCommonClasses (36ms)
	RebuildNativeTypeToScriptingClass (10ms)
	initialDomainReloadingComplete (89ms)
	LoadAllAssembliesAndSetupDomain (732ms)
		LoadAssemblies (880ms)
		RebuildTransferFunctionScriptingTraits (0ms)
		AnalyzeDomain (20ms)
			TypeCache.Refresh (7ms)
				TypeCache.ScanAssembly (0ms)
			ScanForSourceGeneratedMonoScriptInfo (0ms)
			ResolveRequiredComponents (11ms)
	FinalizeReload (3420ms)
		ReleaseScriptCaches (0ms)
		RebuildScriptCaches (0ms)
		SetupLoadedEditorAssemblies (831ms)
			LogAssemblyErrors (0ms)
			InitializePlatformSupportModulesInManaged (59ms)
			SetLoadedEditorAssemblies (6ms)
			RefreshPlugins (0ms)
			BeforeProcessingInitializeOnLoad (206ms)
			ProcessInitializeOnLoadAttributes (424ms)
			ProcessInitializeOnLoadMethodAttributes (103ms)
			AfterProcessingInitializeOnLoad (33ms)
			EditorAssembliesLoaded (0ms)
		ExecutionOrderSort2 (0ms)
		AwakeInstancesAfterBackupRestoration (32ms)
Refreshing native plugins compatible for Editor in 78.09 ms, found 14 plugins.
Preloading 0 native plugins for Editor in 0.00 ms.
Unloading 5938 Unused Serialized files (Serialized files now loaded: 0)
Unloading 30 unused Assets / (34.1 KB). Loaded Objects now: 6643.
Memory consumption went from 199.7 MB to 199.6 MB.
Total: 5.135300 ms (FindLiveObjects: 0.875300 ms CreateObjectMapping: 0.364100 ms MarkObjects: 3.814000 ms  DeleteObjects: 0.080700 ms)

Prepare: number of updated asset objects reloaded= 0
AssetImportParameters requested are different than current active one (requested -> active):
  custom:container-demuxer-ogg: 62fdf1f143b41e24485cea50d1cbac27 -> 
  custom:video-codec-MediaFoundation-h265: 746d11721c4dcdbdad8f713fa42b33f4 -> 
  custom:video-decoder-ogg-theora: a1e56fd34408186e4bbccfd4996cb3dc -> 
  custom:framework-win-MediaFoundation: 216162199b28c13a410421893ffa2e32 -> 
  custom:CustomObjectIndexerAttribute: 72b91833f83ae208fae7752999fa3104 -> 
  custom:container-demuxer-webm: 4f35f7cbe854078d1ac9338744f61a02 -> 
  custom:container-muxer-webm: aa71ff27fc2769a1b78a27578f13a17b -> 
  custom:video-decoder-webm-vp8: 9c59270c3fd7afecdb556c50c9e8de78 -> 
  custom:SearchIndexIgnoredProperties: e643bd26f0fe6173181afceb89e7c659 -> 
  custom:AudioImporter_EditorPlatform: d09bf68614088b80899f8185d706f6e7 -> 
  custom:video-encoder-webm-vp8: eb34c28f22e8b96e1ab97ce403110664 -> 
  custom:audio-decoder-ogg-vorbis: bf7c407c2cedff20999df2af8eb42d56 -> 
  custom:audio-encoder-webm-vorbis: bf7c407c2cedff20999df2af8eb42d56 -> 
========================================================================
Received Import Request.
  Time since last request: 43.578193 seconds.
  path: Assets/Simasart/Hungry Bat/Art/Background/bg_Grass.png
  artifactKey: Guid(dbf358507f7a6224d89daef6be569d6f) Importer(815301076,1909f56bfc062723c751e8b465ee728b)
Start importing Assets/Simasart/Hungry Bat/Art/Background/bg_Grass.png using Guid(dbf358507f7a6224d89daef6be569d6f) Importer(815301076,1909f56bfc062723c751e8b465ee728b) [PhysX] Initialized MultithreadedTaskDispatcher with 16 workers.
[PhysX] Initialized MultithreadedTaskDispatcher with 16 workers.
 -> (artifact id: '0a3469ed8fdd61a066d6ecad34b49c57') in 0.114532 seconds
Number of updated asset objects reloaded before import = 0
Number of asset objects unloaded after import = 3
========================================================================
Received Import Request.
  Time since last request: 59.099632 seconds.
  path: Assets/Simasart/Hungry Bat/Art/Background/bg_night.png
  artifactKey: Guid(53870219c49a2004da93e488ba96ed8f) Importer(815301076,1909f56bfc062723c751e8b465ee728b)
Start importing Assets/Simasart/Hungry Bat/Art/Background/bg_night.png using Guid(53870219c49a2004da93e488ba96ed8f) Importer(815301076,1909f56bfc062723c751e8b465ee728b) [PhysX] Initialized MultithreadedTaskDispatcher with 16 workers.
[PhysX] Initialized MultithreadedTaskDispatcher with 16 workers.
 -> (artifact id: 'e62aea9ff2f00786d2c7ba5f55fdcee8') in 0.011877 seconds
Number of updated asset objects reloaded before import = 0
Number of asset objects unloaded after import = 3
========================================================================
Received Import Request.
  Time since last request: 21.415612 seconds.
  path: Assets/Simasart/Hungry Bat/Art/Fruits/banana.png
  artifactKey: Guid(a292bddf8693e00428dace4a7f770aa6) Importer(815301076,1909f56bfc062723c751e8b465ee728b)
Start importing Assets/Simasart/Hungry Bat/Art/Fruits/banana.png using Guid(a292bddf8693e00428dace4a7f770aa6) Importer(815301076,1909f56bfc062723c751e8b465ee728b) [PhysX] Initialized MultithreadedTaskDispatcher with 16 workers.
[PhysX] Initialized MultithreadedTaskDispatcher with 16 workers.
 -> (artifact id: 'c7823fe57887db57d3eac3c2a5003999') in 0.036683 seconds
Number of updated asset objects reloaded before import = 0
Number of asset objects unloaded after import = 3
========================================================================
Received Import Request.
  Time since last request: 0.000029 seconds.
  path: Assets/Simasart/Hungry Bat/Art/Fruits/strawberry.png
  artifactKey: Guid(140169fe467b8b649aa2541e0c8d6c09) Importer(815301076,1909f56bfc062723c751e8b465ee728b)
Start importing Assets/Simasart/Hungry Bat/Art/Fruits/strawberry.png using Guid(140169fe467b8b649aa2541e0c8d6c09) Importer(815301076,1909f56bfc062723c751e8b465ee728b) [PhysX] Initialized MultithreadedTaskDispatcher with 16 workers.
[PhysX] Initialized MultithreadedTaskDispatcher with 16 workers.
 -> (artifact id: '978ca962d3dadf8e587683d04b2fa24f') in 0.020882 seconds
Number of updated asset objects reloaded before import = 0
Number of asset objects unloaded after import = 3
========================================================================
Received Import Request.
  Time since last request: 6.676294 seconds.
  path: Assets/Simasart/Hungry Bat/Art/Fruits/banana.png
  artifactKey: Guid(a292bddf8693e00428dace4a7f770aa6) Importer(815301076,1909f56bfc062723c751e8b465ee728b)
Start importing Assets/Simasart/Hungry Bat/Art/Fruits/banana.png using Guid(a292bddf8693e00428dace4a7f770aa6) Importer(815301076,1909f56bfc062723c751e8b465ee728b) [PhysX] Initialized MultithreadedTaskDispatcher with 16 workers.
[PhysX] Initialized MultithreadedTaskDispatcher with 16 workers.
 -> (artifact id: 'ae0bee43d079c01b9a5953aa7f7d3a54') in 0.021454 seconds
Number of updated asset objects reloaded before import = 0
Number of asset objects unloaded after import = 3
========================================================================
Received Import Request.
  Time since last request: 0.000020 seconds.
  path: Assets/Simasart/Hungry Bat/Art/Fruits/strawberry.png
  artifactKey: Guid(140169fe467b8b649aa2541e0c8d6c09) Importer(815301076,1909f56bfc062723c751e8b465ee728b)
Start importing Assets/Simasart/Hungry Bat/Art/Fruits/strawberry.png using Guid(140169fe467b8b649aa2541e0c8d6c09) Importer(815301076,1909f56bfc062723c751e8b465ee728b) [PhysX] Initialized MultithreadedTaskDispatcher with 16 workers.
[PhysX] Initialized MultithreadedTaskDispatcher with 16 workers.
 -> (artifact id: '9bdde297405cb068dcc59dda854601a3') in 0.024641 seconds
Number of updated asset objects reloaded before import = 0
Number of asset objects unloaded after import = 3
========================================================================
Received Import Request.
  Time since last request: 9.150703 seconds.
  path: Assets/Simasart/Hungry Bat/Art/UI/box_blue.png
  artifactKey: Guid(1157b8e349a8ffe4c88f133ce0c28a5b) Importer(815301076,1909f56bfc062723c751e8b465ee728b)
Start importing Assets/Simasart/Hungry Bat/Art/UI/box_blue.png using Guid(1157b8e349a8ffe4c88f133ce0c28a5b) Importer(815301076,1909f56bfc062723c751e8b465ee728b) [PhysX] Initialized MultithreadedTaskDispatcher with 16 workers.
[PhysX] Initialized MultithreadedTaskDispatcher with 16 workers.
 -> (artifact id: '0e37006ab446e0dd60bfeecd078c32ca') in 0.030344 seconds
Number of updated asset objects reloaded before import = 0
Number of asset objects unloaded after import = 3
========================================================================
Received Import Request.
  Time since last request: 0.000027 seconds.
  path: Assets/Simasart/Hungry Bat/Art/UI/score_bar.png
  artifactKey: Guid(7b0d029f1d2a164488ab0a51a21ca796) Importer(815301076,1909f56bfc062723c751e8b465ee728b)
Start importing Assets/Simasart/Hungry Bat/Art/UI/score_bar.png using Guid(7b0d029f1d2a164488ab0a51a21ca796) Importer(815301076,1909f56bfc062723c751e8b465ee728b) [PhysX] Initialized MultithreadedTaskDispatcher with 16 workers.
[PhysX] Initialized MultithreadedTaskDispatcher with 16 workers.
 -> (artifact id: '072a383c2bc2a7be9d289d34b3450c32') in 0.021051 seconds
Number of updated asset objects reloaded before import = 0
Number of asset objects unloaded after import = 3
========================================================================
Received Import Request.
  Time since last request: 0.000021 seconds.
  path: Assets/Simasart/Hungry Bat/Art/UI/txt_mask_shadow.png
  artifactKey: Guid(108f8629d34b46447ba79c773b73fe78) Importer(815301076,1909f56bfc062723c751e8b465ee728b)
Start importing Assets/Simasart/Hungry Bat/Art/UI/txt_mask_shadow.png using Guid(108f8629d34b46447ba79c773b73fe78) Importer(815301076,1909f56bfc062723c751e8b465ee728b) [PhysX] Initialized MultithreadedTaskDispatcher with 16 workers.
[PhysX] Initialized MultithreadedTaskDispatcher with 16 workers.
 -> (artifact id: 'df9cc29b44727d22cbaab80073158958') in 0.017338 seconds
Number of updated asset objects reloaded before import = 0
Number of asset objects unloaded after import = 3
========================================================================
Received Import Request.
  Time since last request: 0.000025 seconds.
  path: Assets/Simasart/Hungry Bat/Art/UI/tittle_box.png
  artifactKey: Guid(c8a9c674838776147b01b49761e36724) Importer(815301076,1909f56bfc062723c751e8b465ee728b)
Start importing Assets/Simasart/Hungry Bat/Art/UI/tittle_box.png using Guid(c8a9c674838776147b01b49761e36724) Importer(815301076,1909f56bfc062723c751e8b465ee728b) [PhysX] Initialized MultithreadedTaskDispatcher with 16 workers.
[PhysX] Initialized MultithreadedTaskDispatcher with 16 workers.
 -> (artifact id: '8279af9089226efc1f97186607e96085') in 0.019922 seconds
Number of updated asset objects reloaded before import = 0
Number of asset objects unloaded after import = 3
========================================================================
Received Import Request.
  Time since last request: 0.000034 seconds.
  path: Assets/Simasart/Hungry Bat/Art/UI/toggle_bg.png
  artifactKey: Guid(7ba56b9463eeee245a06f9ae290406d3) Importer(815301076,1909f56bfc062723c751e8b465ee728b)
Start importing Assets/Simasart/Hungry Bat/Art/UI/toggle_bg.png using Guid(7ba56b9463eeee245a06f9ae290406d3) Importer(815301076,1909f56bfc062723c751e8b465ee728b) [PhysX] Initialized MultithreadedTaskDispatcher with 16 workers.
[PhysX] Initialized MultithreadedTaskDispatcher with 16 workers.
 -> (artifact id: '16f53ef4b87117f392a608b7d89e7713') in 0.017943 seconds
Number of updated asset objects reloaded before import = 0
Number of asset objects unloaded after import = 3
========================================================================
Received Import Request.
  Time since last request: 6.387165 seconds.
  path: Assets/Simasart/Hungry Bat/Art/UI/box_blue.png
  artifactKey: Guid(1157b8e349a8ffe4c88f133ce0c28a5b) Importer(815301076,1909f56bfc062723c751e8b465ee728b)
Start importing Assets/Simasart/Hungry Bat/Art/UI/box_blue.png using Guid(1157b8e349a8ffe4c88f133ce0c28a5b) Importer(815301076,1909f56bfc062723c751e8b465ee728b) [PhysX] Initialized MultithreadedTaskDispatcher with 16 workers.
[PhysX] Initialized MultithreadedTaskDispatcher with 16 workers.
 -> (artifact id: 'f39030a1bf348ec7ac94f1704275ed9a') in 0.013276 seconds
Number of updated asset objects reloaded before import = 0
Number of asset objects unloaded after import = 3
========================================================================
Received Import Request.
  Time since last request: 0.000024 seconds.
  path: Assets/Simasart/Hungry Bat/Art/UI/score_bar.png
  artifactKey: Guid(7b0d029f1d2a164488ab0a51a21ca796) Importer(815301076,1909f56bfc062723c751e8b465ee728b)
Start importing Assets/Simasart/Hungry Bat/Art/UI/score_bar.png using Guid(7b0d029f1d2a164488ab0a51a21ca796) Importer(815301076,1909f56bfc062723c751e8b465ee728b) [PhysX] Initialized MultithreadedTaskDispatcher with 16 workers.
[PhysX] Initialized MultithreadedTaskDispatcher with 16 workers.
 -> (artifact id: '95c4f8f4d78b5cc416fc8d306d7cecfd') in 0.010686 seconds
Number of updated asset objects reloaded before import = 0
Number of asset objects unloaded after import = 3
========================================================================
Received Import Request.
  Time since last request: 0.000027 seconds.
  path: Assets/Simasart/Hungry Bat/Art/UI/star_slot.png
  artifactKey: Guid(e7d9554654e4add46b9a20e0caa846a5) Importer(815301076,1909f56bfc062723c751e8b465ee728b)
Start importing Assets/Simasart/Hungry Bat/Art/UI/star_slot.png using Guid(e7d9554654e4add46b9a20e0caa846a5) Importer(815301076,1909f56bfc062723c751e8b465ee728b) [PhysX] Initialized MultithreadedTaskDispatcher with 16 workers.
[PhysX] Initialized MultithreadedTaskDispatcher with 16 workers.
 -> (artifact id: '7fac0c5b0cf5c93c3592072e99898e9a') in 0.019806 seconds
Number of updated asset objects reloaded before import = 0
Number of asset objects unloaded after import = 3
========================================================================
Received Import Request.
  Time since last request: 1.466394 seconds.
  path: Assets/Simasart/Hungry Bat/Art/UI/Buttons/button_purple_pressed.png
  artifactKey: Guid(9185becda6d2b6b478b10cafa972387a) Importer(815301076,1909f56bfc062723c751e8b465ee728b)
Start importing Assets/Simasart/Hungry Bat/Art/UI/Buttons/button_purple_pressed.png using Guid(9185becda6d2b6b478b10cafa972387a) Importer(815301076,1909f56bfc062723c751e8b465ee728b) [PhysX] Initialized MultithreadedTaskDispatcher with 16 workers.
[PhysX] Initialized MultithreadedTaskDispatcher with 16 workers.
 -> (artifact id: '99e16f526591b88287c91cbb5f3fed1b') in 0.026989 seconds
Number of updated asset objects reloaded before import = 0
Number of asset objects unloaded after import = 3
========================================================================
Received Import Request.
  Time since last request: 0.000034 seconds.
  path: Assets/Simasart/Hungry Bat/Art/UI/Buttons/button_yellow_pressed.png
  artifactKey: Guid(ac6e93038c3e08c418a058994d1b2fd2) Importer(815301076,1909f56bfc062723c751e8b465ee728b)
Start importing Assets/Simasart/Hungry Bat/Art/UI/Buttons/button_yellow_pressed.png using Guid(ac6e93038c3e08c418a058994d1b2fd2) Importer(815301076,1909f56bfc062723c751e8b465ee728b) [PhysX] Initialized MultithreadedTaskDispatcher with 16 workers.
[PhysX] Initialized MultithreadedTaskDispatcher with 16 workers.
 -> (artifact id: 'b3deffbc97b64bbdd31dabdaf0df84ff') in 0.016757 seconds
Number of updated asset objects reloaded before import = 0
Number of asset objects unloaded after import = 3
========================================================================
Received Import Request.
  Time since last request: 0.425155 seconds.
  path: Assets/Simasart/Hungry Bat/Art/UI/Bar/bar_fill.png
  artifactKey: Guid(7ea1f418bd367c4439b1576afa6f4f56) Importer(815301076,1909f56bfc062723c751e8b465ee728b)
Start importing Assets/Simasart/Hungry Bat/Art/UI/Bar/bar_fill.png using Guid(7ea1f418bd367c4439b1576afa6f4f56) Importer(815301076,1909f56bfc062723c751e8b465ee728b) [PhysX] Initialized MultithreadedTaskDispatcher with 16 workers.
[PhysX] Initialized MultithreadedTaskDispatcher with 16 workers.
 -> (artifact id: 'c4bd3229de7fc3ad3f89577282ba390e') in 0.046478 seconds
Number of updated asset objects reloaded before import = 0
Number of asset objects unloaded after import = 3
========================================================================
Received Import Request.
  Time since last request: 5.036926 seconds.
  path: Assets/Simasart/Hungry Bat/Art/UI/Bar/bar_fill.png
  artifactKey: Guid(7ea1f418bd367c4439b1576afa6f4f56) Importer(815301076,1909f56bfc062723c751e8b465ee728b)
Start importing Assets/Simasart/Hungry Bat/Art/UI/Bar/bar_fill.png using Guid(7ea1f418bd367c4439b1576afa6f4f56) Importer(815301076,1909f56bfc062723c751e8b465ee728b) [PhysX] Initialized MultithreadedTaskDispatcher with 16 workers.
[PhysX] Initialized MultithreadedTaskDispatcher with 16 workers.
 -> (artifact id: '997daee6e996024514ee14265b200515') in 0.009413 seconds
Number of updated asset objects reloaded before import = 0
Number of asset objects unloaded after import = 3
========================================================================
Received Import Request.
  Time since last request: 6.360051 seconds.
  path: Assets/Simasart/Hungry Bat/Art/UI/Buttons/button_purple_pressed.png
  artifactKey: Guid(9185becda6d2b6b478b10cafa972387a) Importer(815301076,1909f56bfc062723c751e8b465ee728b)
Start importing Assets/Simasart/Hungry Bat/Art/UI/Buttons/button_purple_pressed.png using Guid(9185becda6d2b6b478b10cafa972387a) Importer(815301076,1909f56bfc062723c751e8b465ee728b) [PhysX] Initialized MultithreadedTaskDispatcher with 16 workers.
[PhysX] Initialized MultithreadedTaskDispatcher with 16 workers.
 -> (artifact id: 'ad96339c85a1c48021ea3993ae33385f') in 0.011777 seconds
Number of updated asset objects reloaded before import = 0
Number of asset objects unloaded after import = 3
========================================================================
Received Import Request.
  Time since last request: 1.211525 seconds.
  path: Assets/Simasart/Hungry Bat/Art/UI/Icons/icon_exit_purple.png
  artifactKey: Guid(2858584c246289b48a0d683f97ec97a3) Importer(815301076,1909f56bfc062723c751e8b465ee728b)
Start importing Assets/Simasart/Hungry Bat/Art/UI/Icons/icon_exit_purple.png using Guid(2858584c246289b48a0d683f97ec97a3) Importer(815301076,1909f56bfc062723c751e8b465ee728b) [PhysX] Initialized MultithreadedTaskDispatcher with 16 workers.
[PhysX] Initialized MultithreadedTaskDispatcher with 16 workers.
 -> (artifact id: '6d4280c59f84a26db09e0034f8ec5c53') in 0.032067 seconds
Number of updated asset objects reloaded before import = 0
Number of asset objects unloaded after import = 3
========================================================================
Received Import Request.
  Time since last request: 0.000022 seconds.
  path: Assets/Simasart/Hungry Bat/Art/UI/Icons/icon_pause.png
  artifactKey: Guid(a3866ddfe38760f428380c175dedad4c) Importer(815301076,1909f56bfc062723c751e8b465ee728b)
Start importing Assets/Simasart/Hungry Bat/Art/UI/Icons/icon_pause.png using Guid(a3866ddfe38760f428380c175dedad4c) Importer(815301076,1909f56bfc062723c751e8b465ee728b) [PhysX] Initialized MultithreadedTaskDispatcher with 16 workers.
[PhysX] Initialized MultithreadedTaskDispatcher with 16 workers.
 -> (artifact id: 'e5262f344708fbd8dd9bb2a33c1a357e') in 0.019210 seconds
Number of updated asset objects reloaded before import = 0
Number of asset objects unloaded after import = 3
========================================================================
Received Import Request.
  Time since last request: 4.387671 seconds.
  path: Assets/Simasart/Hungry Bat/Art/UI/Icons/icon_exit_purple.png
  artifactKey: Guid(2858584c246289b48a0d683f97ec97a3) Importer(815301076,1909f56bfc062723c751e8b465ee728b)
Start importing Assets/Simasart/Hungry Bat/Art/UI/Icons/icon_exit_purple.png using Guid(2858584c246289b48a0d683f97ec97a3) Importer(815301076,1909f56bfc062723c751e8b465ee728b) [PhysX] Initialized MultithreadedTaskDispatcher with 16 workers.
[PhysX] Initialized MultithreadedTaskDispatcher with 16 workers.
 -> (artifact id: '1eae160997b136d030dbf30de5274b8d') in 0.009953 seconds
Number of updated asset objects reloaded before import = 0
Number of asset objects unloaded after import = 3
========================================================================
Received Import Request.
  Time since last request: 0.000022 seconds.
  path: Assets/Simasart/Hungry Bat/Art/UI/Icons/icon_pause.png
  artifactKey: Guid(a3866ddfe38760f428380c175dedad4c) Importer(815301076,1909f56bfc062723c751e8b465ee728b)
Start importing Assets/Simasart/Hungry Bat/Art/UI/Icons/icon_pause.png using Guid(a3866ddfe38760f428380c175dedad4c) Importer(815301076,1909f56bfc062723c751e8b465ee728b) [PhysX] Initialized MultithreadedTaskDispatcher with 16 workers.
[PhysX] Initialized MultithreadedTaskDispatcher with 16 workers.
 -> (artifact id: '2190c89d3c0228fb7b3c34e121db5011') in 0.009083 seconds
Number of updated asset objects reloaded before import = 0
Number of asset objects unloaded after import = 3
========================================================================
Received Import Request.
  Time since last request: 0.986654 seconds.
  path: Assets/Simasart/Hungry Bat/Art/UI/PowerUps/icon_lightning.png
  artifactKey: Guid(01a34d9e0dade794188a273832564fb0) Importer(815301076,1909f56bfc062723c751e8b465ee728b)
Start importing Assets/Simasart/Hungry Bat/Art/UI/PowerUps/icon_lightning.png using Guid(01a34d9e0dade794188a273832564fb0) Importer(815301076,1909f56bfc062723c751e8b465ee728b) [PhysX] Initialized MultithreadedTaskDispatcher with 16 workers.
[PhysX] Initialized MultithreadedTaskDispatcher with 16 workers.
 -> (artifact id: '3d26b048ed268792e97de2be973e0bd2') in 0.026096 seconds
Number of updated asset objects reloaded before import = 0
Number of asset objects unloaded after import = 3
========================================================================
Received Import Request.
  Time since last request: 0.000024 seconds.
  path: Assets/Simasart/Hungry Bat/Art/UI/PowerUps/powerUp_Button_glow.png
  artifactKey: Guid(3dd234a76f40ce24fa2645f79e88f453) Importer(815301076,1909f56bfc062723c751e8b465ee728b)
Start importing Assets/Simasart/Hungry Bat/Art/UI/PowerUps/powerUp_Button_glow.png using Guid(3dd234a76f40ce24fa2645f79e88f453) Importer(815301076,1909f56bfc062723c751e8b465ee728b) [PhysX] Initialized MultithreadedTaskDispatcher with 16 workers.
[PhysX] Initialized MultithreadedTaskDispatcher with 16 workers.
 -> (artifact id: '109794828abed804efebc3b5123e6945') in 0.022517 seconds
Number of updated asset objects reloaded before import = 0
Number of asset objects unloaded after import = 3
========================================================================
Received Import Request.
  Time since last request: 5.861535 seconds.
  path: Assets/Simasart/Hungry Bat/Art/UI/PowerUps/icon_lightning.png
  artifactKey: Guid(01a34d9e0dade794188a273832564fb0) Importer(815301076,1909f56bfc062723c751e8b465ee728b)
Start importing Assets/Simasart/Hungry Bat/Art/UI/PowerUps/icon_lightning.png using Guid(01a34d9e0dade794188a273832564fb0) Importer(815301076,1909f56bfc062723c751e8b465ee728b) [PhysX] Initialized MultithreadedTaskDispatcher with 16 workers.
[PhysX] Initialized MultithreadedTaskDispatcher with 16 workers.
 -> (artifact id: '56db1f474355b106db92dce4ece55055') in 0.016058 seconds
Number of updated asset objects reloaded before import = 0
Number of asset objects unloaded after import = 3
========================================================================
Received Import Request.
  Time since last request: 0.000027 seconds.
  path: Assets/Simasart/Hungry Bat/Art/UI/PowerUps/powerUp_Button_number_bg.png
  artifactKey: Guid(73a420e79dbc06348b3301a2dd844a44) Importer(815301076,1909f56bfc062723c751e8b465ee728b)
Start importing Assets/Simasart/Hungry Bat/Art/UI/PowerUps/powerUp_Button_number_bg.png using Guid(73a420e79dbc06348b3301a2dd844a44) Importer(815301076,1909f56bfc062723c751e8b465ee728b) [PhysX] Initialized MultithreadedTaskDispatcher with 16 workers.
[PhysX] Initialized MultithreadedTaskDispatcher with 16 workers.
 -> (artifact id: '50d831f7598c0f181e1e1636ebdc8eda') in 0.015172 seconds
Number of updated asset objects reloaded before import = 0
Number of asset objects unloaded after import = 3
========================================================================
Received Import Request.
  Time since last request: 1.255140 seconds.
  path: Assets/Simasart/Hungry Bat/Fonts/Gradients/texture_purple.png
  artifactKey: Guid(ba94711c694501a4080c8cb57bb24ac0) Importer(815301076,1909f56bfc062723c751e8b465ee728b)
Start importing Assets/Simasart/Hungry Bat/Fonts/Gradients/texture_purple.png using Guid(ba94711c694501a4080c8cb57bb24ac0) Importer(815301076,1909f56bfc062723c751e8b465ee728b) [PhysX] Initialized MultithreadedTaskDispatcher with 16 workers.
[PhysX] Initialized MultithreadedTaskDispatcher with 16 workers.
 -> (artifact id: 'd1ca740b70baaed4cce5c981760c1266') in 0.026280 seconds
Number of updated asset objects reloaded before import = 0
Number of asset objects unloaded after import = 3
========================================================================
Received Import Request.
  Time since last request: 1.244668 seconds.
  path: Assets/Simasart/Hungry Bat/Fonts/TMP/gomarice_rocks_white_outline.asset
  artifactKey: Guid(3b2cebfebb7ab97499912765e39bec74) Importer(815301076,1909f56bfc062723c751e8b465ee728b)
Start importing Assets/Simasart/Hungry Bat/Fonts/TMP/gomarice_rocks_white_outline.asset using Guid(3b2cebfebb7ab97499912765e39bec74) Importer(815301076,1909f56bfc062723c751e8b465ee728b) [PhysX] Initialized MultithreadedTaskDispatcher with 16 workers.
[PhysX] Initialized MultithreadedTaskDispatcher with 16 workers.
[PhysX] Initialized MultithreadedTaskDispatcher with 16 workers.
 -> (artifact id: 'e59358266353dc80235bb205c311a5b2') in 0.208113 seconds
Number of updated asset objects reloaded before import = 0
Number of asset objects unloaded after import = 24
========================================================================
Received Prepare
Refreshing native plugins compatible for Editor in 85.74 ms, found 14 plugins.
Preloading 0 native plugins for Editor in 0.00 ms.
Unloading 2 Unused Serialized files (Serialized files now loaded: 0)
Unloading 2 unused Assets / (5.5 KB). Loaded Objects now: 6723.
Memory consumption went from 107.4 MB to 107.4 MB.
Total: 7.520500 ms (FindLiveObjects: 0.574100 ms CreateObjectMapping: 0.486600 ms MarkObjects: 6.408300 ms  DeleteObjects: 0.050300 ms)

Prepare: number of updated asset objects reloaded= 0
AssetImportParameters requested are different than current active one (requested -> active):
  custom:container-demuxer-ogg: 62fdf1f143b41e24485cea50d1cbac27 -> 
  custom:video-codec-MediaFoundation-h265: 746d11721c4dcdbdad8f713fa42b33f4 -> 
  custom:video-decoder-ogg-theora: a1e56fd34408186e4bbccfd4996cb3dc -> 
  custom:framework-win-MediaFoundation: 216162199b28c13a410421893ffa2e32 -> 
  custom:CustomObjectIndexerAttribute: 72b91833f83ae208fae7752999fa3104 -> 
  custom:container-demuxer-webm: 4f35f7cbe854078d1ac9338744f61a02 -> 
  custom:container-muxer-webm: aa71ff27fc2769a1b78a27578f13a17b -> 
  custom:video-decoder-webm-vp8: 9c59270c3fd7afecdb556c50c9e8de78 -> 
  custom:SearchIndexIgnoredProperties: e643bd26f0fe6173181afceb89e7c659 -> 
  custom:AudioImporter_EditorPlatform: d09bf68614088b80899f8185d706f6e7 -> 
  custom:video-encoder-webm-vp8: eb34c28f22e8b96e1ab97ce403110664 -> 
  custom:audio-decoder-ogg-vorbis: bf7c407c2cedff20999df2af8eb42d56 -> 
  custom:audio-encoder-webm-vorbis: bf7c407c2cedff20999df2af8eb42d56 -> 
========================================================================
Received Import Request.
  Time since last request: 57.299578 seconds.
  path: Assets/Prefab/CellSlot.prefab
  artifactKey: Guid(18bbb6c0d85cb6e449a87bfe91c79665) Importer(815301076,1909f56bfc062723c751e8b465ee728b)
Start importing Assets/Prefab/CellSlot.prefab using Guid(18bbb6c0d85cb6e449a87bfe91c79665) Importer(815301076,1909f56bfc062723c751e8b465ee728b) [PhysX] Initialized MultithreadedTaskDispatcher with 16 workers.
 -> (artifact id: '80b21faf1eb4fdb51e8fb2e84be05cf7') in 0.008855 seconds
Number of updated asset objects reloaded before import = 0
Number of asset objects unloaded after import = 5
========================================================================
Received Import Request.
  Time since last request: 0.000023 seconds.
  path: Assets/Prefab/TilePrefab.prefab
  artifactKey: Guid(f65da3c30917b2341be211921072b201) Importer(815301076,1909f56bfc062723c751e8b465ee728b)
Start importing Assets/Prefab/TilePrefab.prefab using Guid(f65da3c30917b2341be211921072b201) Importer(815301076,1909f56bfc062723c751e8b465ee728b) [PhysX] Initialized MultithreadedTaskDispatcher with 16 workers.
 -> (artifact id: '4e7fd2a40702dfddd3fd4a9e6948ecaf') in 0.005082 seconds
Number of updated asset objects reloaded before import = 0
Number of asset objects unloaded after import = 10
========================================================================
Received Import Request.
  Time since last request: 61.589148 seconds.
  path: Assets/Data/Level_02.asset
  artifactKey: Guid(f51dea47bd72b4740a7dbb2204f8b3f2) Importer(815301076,1909f56bfc062723c751e8b465ee728b)
Start importing Assets/Data/Level_02.asset using Guid(f51dea47bd72b4740a7dbb2204f8b3f2) Importer(815301076,1909f56bfc062723c751e8b465ee728b) [PhysX] Initialized MultithreadedTaskDispatcher with 16 workers.
 -> (artifact id: '97fddfe311c8e47ae9df9af9a9f2d050') in 0.002312 seconds
Number of updated asset objects reloaded before import = 0
Number of asset objects unloaded after import = 1
========================================================================
Received Import Request.
  Time since last request: 0.004229 seconds.
  path: Assets/Data/Level_04.asset
  artifactKey: Guid(56f7be62a811cad46a44d622cce36df5) Importer(815301076,1909f56bfc062723c751e8b465ee728b)
Start importing Assets/Data/Level_04.asset using Guid(56f7be62a811cad46a44d622cce36df5) Importer(815301076,1909f56bfc062723c751e8b465ee728b) [PhysX] Initialized MultithreadedTaskDispatcher with 16 workers.
 -> (artifact id: 'cb47dc17d28abcc8686e2d5cee567ef5') in 0.003086 seconds
Number of updated asset objects reloaded before import = 0
Number of asset objects unloaded after import = 1
========================================================================
Received Import Request.
  Time since last request: 0.000024 seconds.
  path: Assets/Data/Level_08.asset
  artifactKey: Guid(63c9483cca9ea254b8821d4faa77aca4) Importer(815301076,1909f56bfc062723c751e8b465ee728b)
Start importing Assets/Data/Level_08.asset using Guid(63c9483cca9ea254b8821d4faa77aca4) Importer(815301076,1909f56bfc062723c751e8b465ee728b) [PhysX] Initialized MultithreadedTaskDispatcher with 16 workers.
 -> (artifact id: '18c4050d0faf930ecce1b01891689337') in 0.002881 seconds
Number of updated asset objects reloaded before import = 0
Number of asset objects unloaded after import = 1
Editor requested this worker to shutdown with reason: Scaling down because of idle timeout
TcpMessagingSession - receive error: operation aborted. errorcode: 995, details: 由于线程退出或应用程序请求，已中止 I/O 操作。
AssetImportWorker is now disconnected from the server
Process exiting
Exiting without the bug reporter. Application will terminate with return code 0